+ find /lustre/fsn1/projects/rech/vcu/commun/Co-Phyloformer/generate_treeducken/generated_trees/associations/ -mindepth 1 -delete
+ find /lustre/fsn1/projects/rech/vcu/commun/Co-Phyloformer/generate_treeducken/generated_trees/Datasets/ -mindepth 1 -delete
+ find /lustre/fsn1/projects/rech/vcu/commun/Co-Phyloformer/generate_treeducken/generated_trees/host_tree/ -mindepth 1 -delete
+ find /lustre/fsn1/projects/rech/vcu/commun/Co-Phyloformer/generate_treeducken/generated_trees/summaries/ -mindepth 1 -delete
+ find /lustre/fsn1/projects/rech/vcu/commun/Co-Phyloformer/generate_treeducken/generated_trees/symb_tree/ -mindepth 1 -delete
+ python /lustre/fswork/projects/rech/vcu/commun/Co-Phyloformer/generate_treeducken/simulate_input_files.py --h_lambda 0.5 1.2 --c_lambda 0.2 1.6 --s_lambda 0.5 1.2 --s_her 0.05 0.3 --num_trees 20 --n_cores 20
Simulating trees:   0%|          | 0/100 [00:00<?, ?it/s]Simulating trees:   0%|          | 0/100 [00:03<?, ?it/s]
multiprocessing.pool.RemoteTraceback: 
"""
Traceback (most recent call last):
  File "/linkhome/rech/genewd01/ulf51vy/.conda/envs/cophylo/lib/python3.9/multiprocessing/pool.py", line 125, in worker
    result = (True, func(*args, **kwds))
  File "/lustre/fswork/projects/rech/vcu/commun/Co-Phyloformer/generate_treeducken/simulate_input_files.py", line 140, in process_single_simulation
    generator.generate_tgl_files(sim_index)
  File "/lustre/fswork/projects/rech/vcu/commun/Co-Phyloformer/generate_treeducken/simulate_input_files.py", line 85, in generate_tgl_files
    total_events = summary_df[event_keys].sum()
  File "/linkhome/rech/genewd01/ulf51vy/.conda/envs/cophylo/lib/python3.9/site-packages/pandas/core/series.py", line 1153, in __getitem__
    return self._get_with(key)
  File "/linkhome/rech/genewd01/ulf51vy/.conda/envs/cophylo/lib/python3.9/site-packages/pandas/core/series.py", line 1194, in _get_with
    return self.loc[key]
  File "/linkhome/rech/genewd01/ulf51vy/.conda/envs/cophylo/lib/python3.9/site-packages/pandas/core/indexing.py", line 1191, in __getitem__
    return self._getitem_axis(maybe_callable, axis=axis)
  File "/linkhome/rech/genewd01/ulf51vy/.conda/envs/cophylo/lib/python3.9/site-packages/pandas/core/indexing.py", line 1420, in _getitem_axis
    return self._getitem_iterable(key, axis=axis)
  File "/linkhome/rech/genewd01/ulf51vy/.conda/envs/cophylo/lib/python3.9/site-packages/pandas/core/indexing.py", line 1360, in _getitem_iterable
    keyarr, indexer = self._get_listlike_indexer(key, axis)
  File "/linkhome/rech/genewd01/ulf51vy/.conda/envs/cophylo/lib/python3.9/site-packages/pandas/core/indexing.py", line 1558, in _get_listlike_indexer
    keyarr, indexer = ax._get_indexer_strict(key, axis_name)
  File "/linkhome/rech/genewd01/ulf51vy/.conda/envs/cophylo/lib/python3.9/site-packages/pandas/core/indexes/base.py", line 6200, in _get_indexer_strict
    self._raise_if_missing(keyarr, indexer, axis_name)
  File "/linkhome/rech/genewd01/ulf51vy/.conda/envs/cophylo/lib/python3.9/site-packages/pandas/core/indexes/base.py", line 6252, in _raise_if_missing
    raise KeyError(f"{not_found} not in index")
KeyError: "['Host_Spread/Switches'] not in index"
"""

The above exception was the direct cause of the following exception:

Traceback (most recent call last):
  File "/lustre/fswork/projects/rech/vcu/commun/Co-Phyloformer/generate_treeducken/simulate_input_files.py", line 185, in <module>
    main()
  File "/lustre/fswork/projects/rech/vcu/commun/Co-Phyloformer/generate_treeducken/simulate_input_files.py", line 176, in main
    results = list(tqdm(
  File "/linkhome/rech/genewd01/ulf51vy/.conda/envs/cophylo/lib/python3.9/site-packages/tqdm/std.py", line 1178, in __iter__
    for obj in iterable:
  File "/linkhome/rech/genewd01/ulf51vy/.conda/envs/cophylo/lib/python3.9/multiprocessing/pool.py", line 870, in next
    raise value
KeyError: "['Host_Spread/Switches'] not in index"
