Visible GPUs: 0,1,2,3
[Train] Starting from scratch
NCCL version 2.21.5+cuda12.4

Epoch 1/35
  [Val  50%] loss=0.010525  MAE → Speciation: 0.0664 | HGT: 0.0422 | Loss: 0.0391 | Duplication: 0.0438  lr=9.53e-06
  [Checkpoint] new best val=0.010525 → best_val_loss.ckpt
  train loss=0.016449  lr=1.90e-05
  MAE  Speciation: 0.0795  HGT: 0.0467  Loss: 0.0426  Duplication: 0.0464
  [CSV] predictions written to checkpoints_fast/
  val  loss=0.007936
  MAE  Speciation: 0.0520  HGT: 0.0396  Loss: 0.0363  Duplication: 0.0409
  MRE  Speciation: 0.0884  HGT: 0.8152  Loss: 0.6455  Duplication: 0.3399
  [Checkpoint] new best val=0.007936 → best_val_loss.ckpt

Epoch 2/35
  [Val  50%] loss=0.007524  MAE → Speciation: 0.0491 | HGT: 0.0393 | Loss: 0.0381 | Duplication: 0.0401  lr=2.86e-05
  [Checkpoint] new best val=0.007524 → best_val_loss.ckpt
  train loss=0.007480  lr=3.81e-05
  MAE  Speciation: 0.0505  HGT: 0.0397  Loss: 0.0356  Duplication: 0.0404
  [CSV] predictions written to checkpoints_fast/
  val  loss=0.008259
  MAE  Speciation: 0.0530  HGT: 0.0394  Loss: 0.0341  Duplication: 0.0421
  MRE  Speciation: 0.0971  HGT: 0.7648  Loss: 0.5662  Duplication: 0.3015
  [EarlyStop] warmup — skipping patience count (step 4322/11345)

Epoch 3/35
  [Val  50%] loss=0.008051  MAE → Speciation: 0.0523 | HGT: 0.0402 | Loss: 0.0333 | Duplication: 0.0417  lr=4.76e-05
  train loss=0.006747  lr=5.71e-05
  MAE  Speciation: 0.0468  HGT: 0.0391  Loss: 0.0339  Duplication: 0.0395
  [CSV] predictions written to checkpoints_fast/
  val  loss=0.007655
  MAE  Speciation: 0.0527  HGT: 0.0396  Loss: 0.0305  Duplication: 0.0419
  MRE  Speciation: 0.0961  HGT: 0.7166  Loss: 0.4950  Duplication: 0.2963
  [EarlyStop] warmup — skipping patience count (step 6483/11345)

Epoch 4/35
  [Val  50%] loss=0.008477  MAE → Speciation: 0.0605 | HGT: 0.0401 | Loss: 0.0272 | Duplication: 0.0432  lr=6.67e-05
  train loss=0.005722  lr=7.62e-05
  MAE  Speciation: 0.0421  HGT: 0.0384  Loss: 0.0281  Duplication: 0.0386
  [CSV] predictions written to checkpoints_fast/
  val  loss=0.007457
  MAE  Speciation: 0.0543  HGT: 0.0399  Loss: 0.0242  Duplication: 0.0429
  MRE  Speciation: 0.0989  HGT: 0.6853  Loss: 0.3730  Duplication: 0.2962
  [Checkpoint] new best val=0.007457 → best_val_loss.ckpt

Epoch 5/35
  [Val  50%] loss=0.005612  MAE → Speciation: 0.0404 | HGT: 0.0384 | Loss: 0.0293 | Duplication: 0.0389  lr=8.57e-05
  [Checkpoint] new best val=0.005612 → best_val_loss.ckpt
  train loss=0.005211  lr=9.52e-05
  MAE  Speciation: 0.0393  HGT: 0.0379  Loss: 0.0249  Duplication: 0.0381
  [CSV] predictions written to checkpoints_fast/
  val  loss=0.006345
  MAE  Speciation: 0.0465  HGT: 0.0384  Loss: 0.0246  Duplication: 0.0428
  MRE  Speciation: 0.0829  HGT: 0.7223  Loss: 0.4121  Duplication: 0.2927
  [EarlyStop] warmup — skipping patience count (step 10805/11345)

Epoch 6/35
  [Val  50%] loss=0.006665  MAE → Speciation: 0.0476 | HGT: 0.0392 | Loss: 0.0280 | Duplication: 0.0398  lr=1.00e-04
  train loss=0.005415  lr=9.99e-05
  MAE  Speciation: 0.0398  HGT: 0.0380  Loss: 0.0259  Duplication: 0.0383
  [CSV] predictions written to checkpoints_fast/
  val  loss=0.004888
  MAE  Speciation: 0.0368  HGT: 0.0376  Loss: 0.0237  Duplication: 0.0377
  MRE  Speciation: 0.0646  HGT: 0.7636  Loss: 0.4267  Duplication: 0.2950
  [Checkpoint] new best val=0.004888 → best_val_loss.ckpt

Epoch 7/35
  [Val  50%] loss=0.006033  MAE → Speciation: 0.0457 | HGT: 0.0388 | Loss: 0.0226 | Duplication: 0.0393  lr=9.96e-05
  train loss=0.004804  lr=9.92e-05
  MAE  Speciation: 0.0369  HGT: 0.0373  Loss: 0.0235  Duplication: 0.0374
  [CSV] predictions written to checkpoints_fast/
  val  loss=0.004910
  MAE  Speciation: 0.0375  HGT: 0.0372  Loss: 0.0226  Duplication: 0.0380
  MRE  Speciation: 0.0651  HGT: 0.7312  Loss: 0.3460  Duplication: 0.2814
  [EarlyStop] no val improvement: 1/3

Epoch 8/35
  [Val  50%] loss=0.004617  MAE → Speciation: 0.0359 | HGT: 0.0369 | Loss: 0.0219 | Duplication: 0.0370  lr=9.87e-05
  [Checkpoint] new best val=0.004617 → best_val_loss.ckpt
  train loss=0.004617  lr=9.81e-05
  MAE  Speciation: 0.0358  HGT: 0.0369  Loss: 0.0228  Duplication: 0.0368
  [CSV] predictions written to checkpoints_fast/
  val  loss=0.004631
  MAE  Speciation: 0.0354  HGT: 0.0366  Loss: 0.0225  Duplication: 0.0376
  MRE  Speciation: 0.0624  HGT: 0.7341  Loss: 0.4014  Duplication: 0.2813
  [EarlyStop] no val improvement: 2/3
[EarlyStop] stopping at epoch 8 (best_val=0.004617)
Training complete.
Run post_process.py on CPU to generate scatter plots and prediction CSV files.
