Visible GPUs: 0,1,2,3
[Resume] Resuming from last_epoch.ckpt
NCCL version 2.21.5+cuda12.4
[Resume] epoch=11  step=23773  lr=9.195e-05  best_val=0.005056

Epoch 12/35
  [Val  50%] loss=0.004925  MAE → Speciation: 0.0292 | HGT: 0.0324 | Loss: 0.0201 | Duplication: 0.0322  lr=9.05e-05
  [Checkpoint] new best val=0.004925 → best_val_loss.ckpt
  train loss=0.004943  lr=8.90e-05
  MAE  Speciation: 0.0297  HGT: 0.0324  Loss: 0.0204  Duplication: 0.0322
  [CSV] predictions written to checkpoints_fast/
  val  loss=0.004939
  MAE  Speciation: 0.0299  HGT: 0.0319  Loss: 0.0209  Duplication: 0.0317
  MRE  Speciation: 0.0527  HGT: 0.6160  Loss: 0.2690  Duplication: 0.2388

Epoch 13/35
  [Val  50%] loss=0.004834  MAE → Speciation: 0.0292 | HGT: 0.0316 | Loss: 0.0198 | Duplication: 0.0320  lr=8.74e-05
  [Checkpoint] new best val=0.004834 → best_val_loss.ckpt
  train loss=0.004713  lr=8.57e-05
  MAE  Speciation: 0.0289  HGT: 0.0315  Loss: 0.0201  Duplication: 0.0314
  [CSV] predictions written to checkpoints_fast/
  val  loss=0.004710
  MAE  Speciation: 0.0287  HGT: 0.0314  Loss: 0.0201  Duplication: 0.0311
  MRE  Speciation: 0.0500  HGT: 0.5891  Loss: 0.2986  Duplication: 0.2416
  [Checkpoint] new best val=0.004710 → best_val_loss.ckpt

Epoch 14/35
  [Val  50%] loss=0.004609  MAE → Speciation: 0.0283 | HGT: 0.0312 | Loss: 0.0198 | Duplication: 0.0310  lr=8.40e-05
  [Checkpoint] new best val=0.004609 → best_val_loss.ckpt
  train loss=0.004519  lr=8.21e-05
  MAE  Speciation: 0.0283  HGT: 0.0308  Loss: 0.0199  Duplication: 0.0307
  [CSV] predictions written to checkpoints_fast/
  val  loss=0.004601
  MAE  Speciation: 0.0280  HGT: 0.0313  Loss: 0.0198  Duplication: 0.0311
  MRE  Speciation: 0.0487  HGT: 0.6081  Loss: 0.3097  Duplication: 0.2278
  [Checkpoint] new best val=0.004601 → best_val_loss.ckpt

Epoch 15/35
  [Val  50%] loss=0.004532  MAE → Speciation: 0.0281 | HGT: 0.0306 | Loss: 0.0197 | Duplication: 0.0306  lr=8.02e-05
  [Checkpoint] new best val=0.004532 → best_val_loss.ckpt
  train loss=0.004328  lr=7.82e-05
  MAE  Speciation: 0.0277  HGT: 0.0300  Loss: 0.0197  Duplication: 0.0300
  [CSV] predictions written to checkpoints_fast/
  val  loss=0.004429
  MAE  Speciation: 0.0276  HGT: 0.0301  Loss: 0.0197  Duplication: 0.0301
  MRE  Speciation: 0.0481  HGT: 0.5414  Loss: 0.3006  Duplication: 0.2289
  [Checkpoint] new best val=0.004429 → best_val_loss.ckpt

Epoch 16/35
  [Val  50%] loss=0.004418  MAE → Speciation: 0.0277 | HGT: 0.0305 | Loss: 0.0195 | Duplication: 0.0300  lr=7.61e-05
  [Checkpoint] new best val=0.004418 → best_val_loss.ckpt
  train loss=0.004160  lr=7.40e-05
  MAE  Speciation: 0.0272  HGT: 0.0293  Loss: 0.0196  Duplication: 0.0294
  [CSV] predictions written to checkpoints_fast/
  val  loss=0.004369
  MAE  Speciation: 0.0274  HGT: 0.0298  Loss: 0.0196  Duplication: 0.0300
  MRE  Speciation: 0.0478  HGT: 0.5271  Loss: 0.2792  Duplication: 0.2257
  [Checkpoint] new best val=0.004369 → best_val_loss.ckpt

Epoch 17/35
  [Val  50%] loss=0.004418  MAE → Speciation: 0.0280 | HGT: 0.0297 | Loss: 0.0195 | Duplication: 0.0298  lr=7.18e-05
  train loss=0.003990  lr=6.96e-05
  MAE  Speciation: 0.0266  HGT: 0.0286  Loss: 0.0194  Duplication: 0.0287
  [CSV] predictions written to checkpoints_fast/
  val  loss=0.004554
  MAE  Speciation: 0.0297  HGT: 0.0302  Loss: 0.0195  Duplication: 0.0300
  MRE  Speciation: 0.0505  HGT: 0.5677  Loss: 0.2985  Duplication: 0.2333

Epoch 18/35
  [Val  50%] loss=0.004331  MAE → Speciation: 0.0273 | HGT: 0.0299 | Loss: 0.0194 | Duplication: 0.0300  lr=6.73e-05
  [Checkpoint] new best val=0.004331 → best_val_loss.ckpt
  train loss=0.003825  lr=6.50e-05
  MAE  Speciation: 0.0262  HGT: 0.0279  Loss: 0.0192  Duplication: 0.0281
  [CSV] predictions written to checkpoints_fast/
  val  loss=0.004233
  MAE  Speciation: 0.0269  HGT: 0.0295  Loss: 0.0193  Duplication: 0.0294
  MRE  Speciation: 0.0469  HGT: 0.5200  Loss: 0.2878  Duplication: 0.2149
  [Checkpoint] new best val=0.004233 → best_val_loss.ckpt

Epoch 19/35
  [Val  50%] loss=0.004297  MAE → Speciation: 0.0275 | HGT: 0.0292 | Loss: 0.0194 | Duplication: 0.0296  lr=6.27e-05
  train loss=0.003656  lr=6.03e-05
  MAE  Speciation: 0.0257  HGT: 0.0272  Loss: 0.0191  Duplication: 0.0274
  [CSV] predictions written to checkpoints_fast/
  val  loss=0.004197
  MAE  Speciation: 0.0266  HGT: 0.0295  Loss: 0.0194  Duplication: 0.0292
  MRE  Speciation: 0.0462  HGT: 0.5281  Loss: 0.2848  Duplication: 0.2168
  [Checkpoint] new best val=0.004197 → best_val_loss.ckpt

Epoch 20/35
  [Val  50%] loss=0.004425  MAE → Speciation: 0.0290 | HGT: 0.0291 | Loss: 0.0193 | Duplication: 0.0296  lr=5.80e-05
  train loss=0.003493  lr=5.56e-05
  MAE  Speciation: 0.0251  HGT: 0.0264  Loss: 0.0189  Duplication: 0.0268
  [CSV] predictions written to checkpoints_fast/
  val  loss=0.004187
  MAE  Speciation: 0.0266  HGT: 0.0292  Loss: 0.0194  Duplication: 0.0292
  MRE  Speciation: 0.0463  HGT: 0.5027  Loss: 0.3076  Duplication: 0.2128
  [Checkpoint] new best val=0.004187 → best_val_loss.ckpt

Epoch 21/35
  [Val  50%] loss=0.004237  MAE → Speciation: 0.0268 | HGT: 0.0293 | Loss: 0.0192 | Duplication: 0.0295  lr=5.32e-05
  train loss=0.003320  lr=5.08e-05
  MAE  Speciation: 0.0246  HGT: 0.0256  Loss: 0.0188  Duplication: 0.0260
  [CSV] predictions written to checkpoints_fast/
  val  loss=0.004217
  MAE  Speciation: 0.0267  HGT: 0.0293  Loss: 0.0196  Duplication: 0.0293
  MRE  Speciation: 0.0462  HGT: 0.5104  Loss: 0.3043  Duplication: 0.2103

Epoch 22/35
