Visible GPUs: 0,1,2,3
[Resume] Resuming from last_epoch.ckpt
NCCL version 2.21.5+cuda12.4
[Resume] epoch=21  step=45384  lr=5.084e-05  best_val=0.004187

Epoch 22/35
  [Val  50%] loss=0.004210  MAE → Speciation: 0.0269 | HGT: 0.0294 | Loss: 0.0194 | Duplication: 0.0291  lr=4.85e-05
  train loss=0.003147  lr=4.61e-05
  MAE  Speciation: 0.0241  HGT: 0.0248  Loss: 0.0186  Duplication: 0.0253
  [CSV] predictions written to checkpoints_fast/
  val  loss=0.004230
  MAE  Speciation: 0.0266  HGT: 0.0294  Loss: 0.0194  Duplication: 0.0293
  MRE  Speciation: 0.0465  HGT: 0.5080  Loss: 0.2782  Duplication: 0.2098

Epoch 23/35
  [Val  50%] loss=0.004336  MAE → Speciation: 0.0271 | HGT: 0.0295 | Loss: 0.0192 | Duplication: 0.0300  lr=4.38e-05
  train loss=0.002971  lr=4.15e-05
  MAE  Speciation: 0.0236  HGT: 0.0239  Loss: 0.0185  Duplication: 0.0245
  [CSV] predictions written to checkpoints_fast/
  val  loss=0.004187
  MAE  Speciation: 0.0264  HGT: 0.0292  Loss: 0.0192  Duplication: 0.0291
  MRE  Speciation: 0.0460  HGT: 0.4970  Loss: 0.2860  Duplication: 0.2117

Epoch 24/35
  [Val  50%] loss=0.004286  MAE → Speciation: 0.0268 | HGT: 0.0294 | Loss: 0.0195 | Duplication: 0.0295  lr=3.93e-05
  train loss=0.002790  lr=3.71e-05
  MAE  Speciation: 0.0231  HGT: 0.0229  Loss: 0.0183  Duplication: 0.0236
  [CSV] predictions written to checkpoints_fast/
  val  loss=0.004248
  MAE  Speciation: 0.0264  HGT: 0.0293  Loss: 0.0192  Duplication: 0.0293
  MRE  Speciation: 0.0460  HGT: 0.4783  Loss: 0.2869  Duplication: 0.2146

Epoch 25/35
  [Val  50%] loss=0.004291  MAE → Speciation: 0.0268 | HGT: 0.0294 | Loss: 0.0194 | Duplication: 0.0294  lr=3.49e-05
  train loss=0.002625  lr=3.28e-05
  MAE  Speciation: 0.0225  HGT: 0.0220  Loss: 0.0181  Duplication: 0.0229
  [CSV] predictions written to checkpoints_fast/
  val  loss=0.004357
  MAE  Speciation: 0.0269  HGT: 0.0295  Loss: 0.0193  Duplication: 0.0295
  MRE  Speciation: 0.0470  HGT: 0.4555  Loss: 0.2765  Duplication: 0.2162

Epoch 26/35
  [Val  50%] loss=0.004358  MAE → Speciation: 0.0267 | HGT: 0.0297 | Loss: 0.0193 | Duplication: 0.0296  lr=3.08e-05
  train loss=0.002463  lr=2.88e-05
  MAE  Speciation: 0.0220  HGT: 0.0211  Loss: 0.0179  Duplication: 0.0221
  [CSV] predictions written to checkpoints_fast/
  val  loss=0.004309
  MAE  Speciation: 0.0266  HGT: 0.0296  Loss: 0.0193  Duplication: 0.0295
  MRE  Speciation: 0.0464  HGT: 0.4889  Loss: 0.2881  Duplication: 0.2137

Epoch 27/35
  [Val  50%] loss=0.004394  MAE → Speciation: 0.0269 | HGT: 0.0300 | Loss: 0.0193 | Duplication: 0.0299  lr=2.69e-05
  train loss=0.002320  lr=2.51e-05
  MAE  Speciation: 0.0215  HGT: 0.0203  Loss: 0.0177  Duplication: 0.0213
  [CSV] predictions written to checkpoints_fast/
  val  loss=0.004412
  MAE  Speciation: 0.0269  HGT: 0.0299  Loss: 0.0193  Duplication: 0.0300
  MRE  Speciation: 0.0472  HGT: 0.4827  Loss: 0.2825  Duplication: 0.2115

Epoch 28/35
  [Val  50%] loss=0.004406  MAE → Speciation: 0.0269 | HGT: 0.0298 | Loss: 0.0194 | Duplication: 0.0298  lr=2.34e-05
  train loss=0.002180  lr=2.17e-05
  MAE  Speciation: 0.0209  HGT: 0.0195  Loss: 0.0175  Duplication: 0.0206
  [CSV] predictions written to checkpoints_fast/
  val  loss=0.004415
  MAE  Speciation: 0.0269  HGT: 0.0299  Loss: 0.0195  Duplication: 0.0299
  MRE  Speciation: 0.0468  HGT: 0.4771  Loss: 0.2910  Duplication: 0.2168

Epoch 29/35
  [Val  50%] loss=0.004491  MAE → Speciation: 0.0272 | HGT: 0.0301 | Loss: 0.0196 | Duplication: 0.0301  lr=2.02e-05
  train loss=0.002060  lr=1.87e-05
  MAE  Speciation: 0.0204  HGT: 0.0188  Loss: 0.0174  Duplication: 0.0199
  [CSV] predictions written to checkpoints_fast/
  val  loss=0.004424
  MAE  Speciation: 0.0269  HGT: 0.0300  Loss: 0.0195  Duplication: 0.0299
  MRE  Speciation: 0.0472  HGT: 0.4868  Loss: 0.2838  Duplication: 0.2154

Epoch 30/35
  [Val  50%] loss=0.004489  MAE → Speciation: 0.0271 | HGT: 0.0303 | Loss: 0.0195 | Duplication: 0.0302  lr=1.74e-05
